Archive member included to satisfy reference by file (symbol)

d:/st/stm32cubeide_1.8.0/stm32cubeide/plugins/com.st.stm32cube.ide.mcu.externaltools.gnu-tools-for-stm32.9-2020-q2-update.win32_2.0.0.202105311346/tools/bin/../lib/gcc/arm-none-eabi/9.3.1/../../../../arm-none-eabi/lib/thumb/v7e-m/nofp\libc_nano.a(lib_a-errno.o)
                              ./Core/Src/syscalls.o (__errno)
d:/st/stm32cubeide_1.8.0/stm32cubeide/plugins/com.st.stm32cube.ide.mcu.externaltools.gnu-tools-for-stm32.9-2020-q2-update.win32_2.0.0.202105311346/tools/bin/../lib/gcc/arm-none-eabi/9.3.1/../../../../arm-none-eabi/lib/thumb/v7e-m/nofp\libc_nano.a(lib_a-exit.o)
                              d:/st/stm32cubeide_1.8.0/stm32cubeide/plugins/com.st.stm32cube.ide.mcu.externaltools.gnu-tools-for-stm32.9-2020-q2-update.win32_2.0.0.202105311346/tools/bin/../lib/gcc/arm-none-eabi/9.3.1/../../../../arm-none-eabi/lib/thumb/v7e-m/nofp/crt0.o (exit)
d:/st/stm32cubeide_1.8.0/stm32cubeide/plugins/com.st.stm32cube.ide.mcu.externaltools.gnu-tools-for-stm32.9-2020-q2-update.win32_2.0.0.202105311346/tools/bin/../lib/gcc/arm-none-eabi/9.3.1/../../../../arm-none-eabi/lib/thumb/v7e-m/nofp\libc_nano.a(lib_a-impure.o)
                              d:/st/stm32cubeide_1.8.0/stm32cubeide/plugins/com.st.stm32cube.ide.mcu.externaltools.gnu-tools-for-stm32.9-2020-q2-update.win32_2.0.0.202105311346/tools/bin/../lib/gcc/arm-none-eabi/9.3.1/../../../../arm-none-eabi/lib/thumb/v7e-m/nofp\libc_nano.a(lib_a-exit.o) (_global_impure_ptr)
d:/st/stm32cubeide_1.8.0/stm32cubeide/plugins/com.st.stm32cube.ide.mcu.externaltools.gnu-tools-for-stm32.9-2020-q2-update.win32_2.0.0.202105311346/tools/bin/../lib/gcc/arm-none-eabi/9.3.1/../../../../arm-none-eabi/lib/thumb/v7e-m/nofp\libc_nano.a(lib_a-init.o)
                              d:/st/stm32cubeide_1.8.0/stm32cubeide/plugins/com.st.stm32cube.ide.mcu.externaltools.gnu-tools-for-stm32.9-2020-q2-update.win32_2.0.0.202105311346/tools/bin/../lib/gcc/arm-none-eabi/9.3.1/../../../../arm-none-eabi/lib/thumb/v7e-m/nofp/crt0.o (__libc_init_array)
d:/st/stm32cubeide_1.8.0/stm32cubeide/plugins/com.st.stm32cube.ide.mcu.externaltools.gnu-tools-for-stm32.9-2020-q2-update.win32_2.0.0.202105311346/tools/bin/../lib/gcc/arm-none-eabi/9.3.1/../../../../arm-none-eabi/lib/thumb/v7e-m/nofp\libc_nano.a(lib_a-memset.o)
                              d:/st/stm32cubeide_1.8.0/stm32cubeide/plugins/com.st.stm32cube.ide.mcu.externaltools.gnu-tools-for-stm32.9-2020-q2-update.win32_2.0.0.202105311346/tools/bin/../lib/gcc/arm-none-eabi/9.3.1/../../../../arm-none-eabi/lib/thumb/v7e-m/nofp/crt0.o (memset)

Allocating common symbols
Common symbol       size              file

uwTick              0x4               ./Drivers/STM32WLxx_HAL_Driver/Src/stm32wlxx_hal.o

Discarded input sections

 .text          0x0000000000000000        0x0 d:/st/stm32cubeide_1.8.0/stm32cubeide/plugins/com.st.stm32cube.ide.mcu.externaltools.gnu-tools-for-stm32.9-2020-q2-update.win32_2.0.0.202105311346/tools/bin/../lib/gcc/arm-none-eabi/9.3.1/thumb/v7e-m/nofp/crti.o
 .data          0x0000000000000000        0x0 d:/st/stm32cubeide_1.8.0/stm32cubeide/plugins/com.st.stm32cube.ide.mcu.externaltools.gnu-tools-for-stm32.9-2020-q2-update.win32_2.0.0.202105311346/tools/bin/../lib/gcc/arm-none-eabi/9.3.1/thumb/v7e-m/nofp/crti.o
 .bss           0x0000000000000000        0x0 d:/st/stm32cubeide_1.8.0/stm32cubeide/plugins/com.st.stm32cube.ide.mcu.externaltools.gnu-tools-for-stm32.9-2020-q2-update.win32_2.0.0.202105311346/tools/bin/../lib/gcc/arm-none-eabi/9.3.1/thumb/v7e-m/nofp/crti.o
 .data          0x0000000000000000        0x4 d:/st/stm32cubeide_1.8.0/stm32cubeide/plugins/com.st.stm32cube.ide.mcu.externaltools.gnu-tools-for-stm32.9-2020-q2-update.win32_2.0.0.202105311346/tools/bin/../lib/gcc/arm-none-eabi/9.3.1/thumb/v7e-m/nofp/crtbegin.o
 .text          0x0000000000000000       0x7c d:/st/stm32cubeide_1.8.0/stm32cubeide/plugins/com.st.stm32cube.ide.mcu.externaltools.gnu-tools-for-stm32.9-2020-q2-update.win32_2.0.0.202105311346/tools/bin/../lib/gcc/arm-none-eabi/9.3.1/../../../../arm-none-eabi/lib/thumb/v7e-m/nofp/crt0.o
 .data          0x0000000000000000        0x0 d:/st/stm32cubeide_1.8.0/stm32cubeide/plugins/com.st.stm32cube.ide.mcu.externaltools.gnu-tools-for-stm32.9-2020-q2-update.win32_2.0.0.202105311346/tools/bin/../lib/gcc/arm-none-eabi/9.3.1/../../../../arm-none-eabi/lib/thumb/v7e-m/nofp/crt0.o
 .bss           0x0000000000000000        0x0 d:/st/stm32cubeide_1.8.0/stm32cubeide/plugins/com.st.stm32cube.ide.mcu.externaltools.gnu-tools-for-stm32.9-2020-q2-update.win32_2.0.0.202105311346/tools/bin/../lib/gcc/arm-none-eabi/9.3.1/../../../../arm-none-eabi/lib/thumb/v7e-m/nofp/crt0.o
 .ARM.extab     0x0000000000000000        0x0 d:/st/stm32cubeide_1.8.0/stm32cubeide/plugins/com.st.stm32cube.ide.mcu.externaltools.gnu-tools-for-stm32.9-2020-q2-update.win32_2.0.0.202105311346/tools/bin/../lib/gcc/arm-none-eabi/9.3.1/../../../../arm-none-eabi/lib/thumb/v7e-m/nofp/crt0.o
[...]
Memory Configuration

Name             Origin             Length             Attributes
RAM              0x0000000020000000 0x0000000000010000 xrw
RAM2             0x0000000010000000 0x0000000000008000 xrw
FLASH            0x0000000008000000 0x0000000000040000 xr
*default*        0x0000000000000000 0xffffffffffffffff

Linker script and memory map

LOAD d:/st/stm32cubeide_1.8.0/stm32cubeide/plugins/com.st.stm32cube.ide.mcu.externaltools.gnu-tools-for-stm32.9-2020-q2-update.win32_2.0.0.202105311346/tools/bin/../lib/gcc/arm-none-eabi/9.3.1/thumb/v7e-m/nofp/crti.o
LOAD d:/st/stm32cubeide_1.8.0/stm32cubeide/plugins/com.st.stm32cube.ide.mcu.externaltools.gnu-tools-for-stm32.9-2020-q2-update.win32_2.0.0.202105311346/tools/bin/../lib/gcc/arm-none-eabi/9.3.1/thumb/v7e-m/nofp/crtbegin.o
LOAD d:/st/stm32cubeide_1.8.0/stm32cubeide/plugins/com.st.stm32cube.ide.mcu.externaltools.gnu-tools-for-stm32.9-2020-q2-update.win32_2.0.0.202105311346/tools/bin/../lib/gcc/arm-none-eabi/9.3.1/../../../../arm-none-eabi/lib/thumb/v7e-m/nofp/crt0.o
LOAD ./Core/Src/gpio.o
LOAD ./Core/Src/main.o
LOAD ./Core/Src/stm32wlxx_hal_msp.o
LOAD ./Core/Src/stm32wlxx_it.o
LOAD ./Core/Src/syscalls.o
LOAD ./Core/Src/sysmem.o
LOAD ./Core/Src/system_stm32wlxx.o
LOAD ./Core/Startup/startup_stm32wle5ccux.o
LOAD ./Drivers/STM32WLxx_HAL_Driver/Src/stm32wlxx_hal.o
LOAD ./Drivers/STM32WLxx_HAL_Driver/Src/stm32wlxx_hal_cortex.o
LOAD ./Drivers/STM32WLxx_HAL_Driver/Src/stm32wlxx_hal_dma.o
LOAD ./Drivers/STM32WLxx_HAL_Driver/Src/stm32wlxx_hal_dma_ex.o
LOAD ./Drivers/STM32WLxx_HAL_Driver/Src/stm32wlxx_hal_exti.o
LOAD ./Drivers/STM32WLxx_HAL_Driver/Src/stm32wlxx_hal_flash.o
LOAD ./Drivers/STM32WLxx_HAL_Driver/Src/stm32wlxx_hal_flash_ex.o
LOAD ./Drivers/STM32WLxx_HAL_Driver/Src/stm32wlxx_hal_gpio.o
LOAD ./Drivers/STM32WLxx_HAL_Driver/Src/stm32wlxx_hal_pwr.o
LOAD ./Drivers/STM32WLxx_HAL_Driver/Src/stm32wlxx_hal_pwr_ex.o
LOAD ./Drivers/STM32WLxx_HAL_Driver/Src/stm32wlxx_hal_rcc.o
LOAD ./Drivers/STM32WLxx_HAL_Driver/Src/stm32wlxx_hal_rcc_ex.o
LOAD ./Drivers/STM32WLxx_HAL_Driver/Src/stm32wlxx_hal_tim.o
LOAD ./Drivers/STM32WLxx_HAL_Driver/Src/stm32wlxx_hal_tim_ex.o
START GROUP
LOAD d:/st/stm32cubeide_1.8.0/stm32cubeide/plugins/com.st.stm32cube.ide.mcu.externaltools.gnu-tools-for-stm32.9-2020-q2-update.win32_2.0.0.202105311346/tools/bin/../lib/gcc/arm-none-eabi/9.3.1/../../../../arm-none-eabi/lib/thumb/v7e-m/nofp\libc_nano.a
LOAD d:/st/stm32cubeide_1.8.0/stm32cubeide/plugins/com.st.stm32cube.ide.mcu.externaltools.gnu-tools-for-stm32.9-2020-q2-update.win32_2.0.0.202105311346/tools/bin/../lib/gcc/arm-none-eabi/9.3.1/../../../../arm-none-eabi/lib/thumb/v7e-m/nofp\libm.a
END GROUP
START GROUP
LOAD d:/st/stm32cubeide_1.8.0/stm32cubeide/plugins/com.st.stm32cube.ide.mcu.externaltools.gnu-tools-for-stm32.9-2020-q2-update.win32_2.0.0.202105311346/tools/bin/../lib/gcc/arm-none-eabi/9.3.1/thumb/v7e-m/nofp\libgcc.a
LOAD d:/st/stm32cubeide_1.8.0/stm32cubeide/plugins/com.st.stm32cube.ide.mcu.externaltools.gnu-tools-for-stm32.9-2020-q2-update.win32_2.0.0.202105311346/tools/bin/../lib/gcc/arm-none-eabi/9.3.1/../../../../arm-none-eabi/lib/thumb/v7e-m/nofp\libc_nano.a
END GROUP
START GROUP
LOAD d:/st/stm32cubeide_1.8.0/stm32cubeide/plugins/com.st.stm32cube.ide.mcu.externaltools.gnu-tools-for-stm32.9-2020-q2-update.win32_2.0.0.202105311346/tools/bin/../lib/gcc/arm-none-eabi/9.3.1/thumb/v7e-m/nofp\libgcc.a
LOAD d:/st/stm32cubeide_1.8.0/stm32cubeide/plugins/com.st.stm32cube.ide.mcu.externaltools.gnu-tools-for-stm32.9-2020-q2-update.win32_2.0.0.202105311346/tools/bin/../lib/gcc/arm-none-eabi/9.3.1/../../../../arm-none-eabi/lib/thumb/v7e-m/nofp\libc_nano.a
LOAD d:/st/stm32cubeide_1.8.0/stm32cubeide/plugins/com.st.stm32cube.ide.mcu.externaltools.gnu-tools-for-stm32.9-2020-q2-update.win32_2.0.0.202105311346/tools/bin/../lib/gcc/arm-none-eabi/9.3.1/../../../../arm-none-eabi/lib/thumb/v7e-m/nofp\libnosys.a
END GROUP
START GROUP
LOAD d:/st/stm32cubeide_1.8.0/stm32cubeide/plugins/com.st.stm32cube.ide.mcu.externaltools.gnu-tools-for-stm32.9-2020-q2-update.win32_2.0.0.202105311346/tools/bin/../lib/gcc/arm-none-eabi/9.3.1/thumb/v7e-m/nofp\libgcc.a
LOAD d:/st/stm32cubeide_1.8.0/stm32cubeide/plugins/com.st.stm32cube.ide.mcu.externaltools.gnu-tools-for-stm32.9-2020-q2-update.win32_2.0.0.202105311346/tools/bin/../lib/gcc/arm-none-eabi/9.3.1/../../../../arm-none-eabi/lib/thumb/v7e-m/nofp\libc_nano.a
LOAD d:/st/stm32cubeide_1.8.0/stm32cubeide/plugins/com.st.stm32cube.ide.mcu.externaltools.gnu-tools-for-stm32.9-2020-q2-update.win32_2.0.0.202105311346/tools/bin/../lib/gcc/arm-none-eabi/9.3.1/../../../../arm-none-eabi/lib/thumb/v7e-m/nofp\libnosys.a
END GROUP
LOAD d:/st/stm32cubeide_1.8.0/stm32cubeide/plugins/com.st.stm32cube.ide.mcu.externaltools.gnu-tools-for-stm32.9-2020-q2-update.win32_2.0.0.202105311346/tools/bin/../lib/gcc/arm-none-eabi/9.3.1/thumb/v7e-m/nofp/crtend.o
LOAD d:/st/stm32cubeide_1.8.0/stm32cubeide/plugins/com.st.stm32cube.ide.mcu.externaltools.gnu-tools-for-stm32.9-2020-q2-update.win32_2.0.0.202105311346/tools/bin/../lib/gcc/arm-none-eabi/9.3.1/thumb/v7e-m/nofp/crtn.o
                0x0000000020010000                _estack = (ORIGIN (RAM) + LENGTH (RAM))
                0x0000000000000200                _Min_Heap_Size = 0x200
                0x0000000000000400                _Min_Stack_Size = 0x400

.isr_vector     0x0000000008000000      0x138
                0x0000000008000000                . = ALIGN (0x4)
 *(.isr_vector)
 .isr_vector    0x0000000008000000      0x138 ./Core/Startup/startup_stm32wle5ccux.o
                0x0000000008000000                g_pfnVectors
                0x0000000008000138                . = ALIGN (0x4)

.text           0x0000000008000138     0x1a64
                0x0000000008000138                . = ALIGN (0x4)
 *(.text)
 .text          0x0000000008000138       0x40 d:/st/stm32cubeide_1.8.0/stm32cubeide/plugins/com.st.stm32cube.ide.mcu.externaltools.gnu-tools-for-stm32.9-2020-q2-update.win32_2.0.0.202105311346/tools/bin/../lib/gcc/arm-none-eabi/9.3.1/thumb/v7e-m/nofp/crtbegin.o
 *(.text*)
 .text.LL_AHB2_GRP1_EnableClock
                0x0000000008000178       0x30 ./Core/Src/gpio.o
 .text.MX_GPIO_Init
                0x00000000080001a8       0x64 ./Core/Src/gpio.o
                0x00000000080001a8                MX_GPIO_Init
 .text.main     0x000000000800020c       0x40 ./Core/Src/main.o
                0x000000000800020c                main
 .text.SystemClock_Config
                0x000000000800024c       0xa4 ./Core/Src/main.o
                0x000000000800024c                SystemClock_Config
 .text.Error_Handler
                0x00000000080002f0        0xa ./Core/Src/main.o
                0x00000000080002f0                Error_Handler
 .text.HAL_MspInit
                0x00000000080002fa        0xc ./Core/Src/stm32wlxx_hal_msp.o
                0x00000000080002fa                HAL_MspInit
 .text.NMI_Handler
                0x0000000008000306        0x6 ./Core/Src/stm32wlxx_it.o
                0x0000000008000306                NMI_Handler
 .text.HardFault_Handler
                0x000000000800030c        0x6 ./Core/Src/stm32wlxx_it.o
                0x000000000800030c                HardFault_Handler
 .text.MemManage_Handler
                0x0000000008000312        0x6 ./Core/Src/stm32wlxx_it.o
                0x0000000008000312                MemManage_Handler
 .text.BusFault_Handler
                0x0000000008000318        0x6 ./Core/Src/stm32wlxx_it.o
                0x0000000008000318                BusFault_Handler
 .text.UsageFault_Handler
                0x000000000800031e        0x6 ./Core/Src/stm32wlxx_it.o
                0x000000000800031e                UsageFault_Handler
 .text.SVC_Handler
                0x0000000008000324        0xc ./Core/Src/stm32wlxx_it.o
                0x0000000008000324                SVC_Handler
 .text.DebugMon_Handler
                0x0000000008000330        0xc ./Core/Src/stm32wlxx_it.o
                0x0000000008000330                DebugMon_Handler
 .text.PendSV_Handler
                0x000000000800033c        0xc ./Core/Src/stm32wlxx_it.o
                0x000000000800033c                PendSV_Handler
 .text.SysTick_Handler
                0x0000000008000348        0xc ./Core/Src/stm32wlxx_it.o
                0x0000000008000348                SysTick_Handler
 .text.SystemInit
                0x0000000008000354        0xc ./Core/Src/system_stm32wlxx.o
                0x0000000008000354                SystemInit
 .text.Reset_Handler
                0x0000000008000360       0x50 ./Core/Startup/startup_stm32wle5ccux.o
                0x0000000008000360                Reset_Handler
 .text.Default_Handler
                0x00000000080003b0        0x2 ./Core/Startup/startup_stm32wle5ccux.o
                0x00000000080003b0                RTC_Alarm_IRQHandler
                0x00000000080003b0                EXTI2_IRQHandler
                0x00000000080003b0                TIM1_CC_IRQHandler
                0x00000000080003b0                EXTI3_IRQHandler
                0x00000000080003b0                LPTIM2_IRQHandler
                0x00000000080003b0                I2C3_ER_IRQHandler
                0x00000000080003b0                LPTIM3_IRQHandler
                0x00000000080003b0                EXTI0_IRQHandler
                0x00000000080003b0                I2C2_EV_IRQHandler
                0x00000000080003b0                TAMP_STAMP_LSECSS_SSRU_IRQHandler
                0x00000000080003b0                SPI1_IRQHandler
                0x00000000080003b0                DMA2_Channel2_IRQHandler
                0x00000000080003b0                DMA1_Channel4_IRQHandler
                0x00000000080003b0                PKA_IRQHandler
                0x00000000080003b0                TIM17_IRQHandler
                0x00000000080003b0                DMA1_Channel7_IRQHandler
                0x00000000080003b0                SUBGHZSPI_IRQHandler
                0x00000000080003b0                DMA2_Channel1_IRQHandler
                0x00000000080003b0                I2C1_EV_IRQHandler
                0x00000000080003b0                SUBGHZ_Radio_IRQHandler
                0x00000000080003b0                DMAMUX1_OVR_IRQHandler
                0x00000000080003b0                DMA1_Channel6_IRQHandler
                0x00000000080003b0                TIM16_IRQHandler
                0x00000000080003b0                DMA2_Channel4_IRQHandler
                0x00000000080003b0                RCC_IRQHandler
                0x00000000080003b0                TIM1_TRG_COM_IRQHandler
                0x00000000080003b0                DMA1_Channel1_IRQHandler
                0x00000000080003b0                Default_Handler
                0x00000000080003b0                DMA2_Channel7_IRQHandler
                0x00000000080003b0                EXTI15_10_IRQHandler
                0x00000000080003b0                ADC_IRQHandler
                0x00000000080003b0                I2C3_EV_IRQHandler
                0x00000000080003b0                EXTI9_5_IRQHandler
                0x00000000080003b0                RTC_WKUP_IRQHandler
                0x00000000080003b0                PVD_PVM_IRQHandler
                0x00000000080003b0                SPI2_IRQHandler
                0x00000000080003b0                DMA2_Channel5_IRQHandler
                0x00000000080003b0                DMA1_Channel5_IRQHandler
                0x00000000080003b0                EXTI4_IRQHandler
                0x00000000080003b0                RNG_IRQHandler
                0x00000000080003b0                DMA1_Channel3_IRQHandler
                0x00000000080003b0                COMP_IRQHandler
                0x00000000080003b0                HSEM_IRQHandler
                0x00000000080003b0                TIM1_UP_IRQHandler
                0x00000000080003b0                WWDG_IRQHandler
                0x00000000080003b0                LPUART1_IRQHandler
                0x00000000080003b0                DMA2_Channel6_IRQHandler
                0x00000000080003b0                TIM2_IRQHandler
                0x00000000080003b0                TIM1_BRK_IRQHandler
                0x00000000080003b0                DAC_IRQHandler
                0x00000000080003b0                EXTI1_IRQHandler
                0x00000000080003b0                AES_IRQHandler
                0x00000000080003b0                USART2_IRQHandler
                0x00000000080003b0                I2C2_ER_IRQHandler
                0x00000000080003b0                DMA1_Channel2_IRQHandler
                0x00000000080003b0                FLASH_IRQHandler
                0x00000000080003b0                USART1_IRQHandler
                0x00000000080003b0                I2C1_ER_IRQHandler
                0x00000000080003b0                LPTIM1_IRQHandler
                0x00000000080003b0                DMA2_Channel3_IRQHandler
 *fill*         0x00000000080003b2        0x2 
 .text.HAL_Init
                0x00000000080003b4       0x40 ./Drivers/STM32WLxx_HAL_Driver/Src/stm32wlxx_hal.o
                0x00000000080003b4                HAL_Init
 .text.HAL_InitTick
                0x00000000080003f4       0x74 ./Drivers/STM32WLxx_HAL_Driver/Src/stm32wlxx_hal.o
                0x00000000080003f4                HAL_InitTick
 .text.HAL_IncTick
                0x0000000008000468       0x24 ./Drivers/STM32WLxx_HAL_Driver/Src/stm32wlxx_hal.o
                0x0000000008000468                HAL_IncTick
 .text.HAL_GetTick
                0x000000000800048c       0x14 ./Drivers/STM32WLxx_HAL_Driver/Src/stm32wlxx_hal.o
                0x000000000800048c                HAL_GetTick
 .text.__NVIC_SetPriorityGrouping
                0x00000000080004a0       0x48 ./Drivers/STM32WLxx_HAL_Driver/Src/stm32wlxx_hal_cortex.o
 .text.__NVIC_GetPriorityGrouping
                0x00000000080004e8       0x1c ./Drivers/STM32WLxx_HAL_Driver/Src/stm32wlxx_hal_cortex.o
 .text.__NVIC_SetPriority
                0x0000000008000504       0x54 ./Drivers/STM32WLxx_HAL_Driver/Src/stm32wlxx_hal_cortex.o
 .text.NVIC_EncodePriority
                0x0000000008000558       0x64 ./Drivers/STM32WLxx_HAL_Driver/Src/stm32wlxx_hal_cortex.o
 .text.SysTick_Config
                0x00000000080005bc       0x44 ./Drivers/STM32WLxx_HAL_Driver/Src/stm32wlxx_hal_cortex.o
 .text.HAL_NVIC_SetPriorityGrouping
                0x0000000008000600       0x16 ./Drivers/STM32WLxx_HAL_Driver/Src/stm32wlxx_hal_cortex.o
                0x0000000008000600                HAL_NVIC_SetPriorityGrouping
 .text.HAL_NVIC_SetPriority
                0x0000000008000616       0x34 ./Drivers/STM32WLxx_HAL_Driver/Src/stm32wlxx_hal_cortex.o
                0x0000000008000616                HAL_NVIC_SetPriority
 .text.HAL_SYSTICK_Config
                0x000000000800064a       0x18 ./Drivers/STM32WLxx_HAL_Driver/Src/stm32wlxx_hal_cortex.o
                0x000000000800064a                HAL_SYSTICK_Config
 *fill*         0x0000000008000662        0x2 
 .text.HAL_GPIO_Init
                0x0000000008000664      0x2c0 ./Drivers/STM32WLxx_HAL_Driver/Src/stm32wlxx_hal_gpio.o
                0x0000000008000664                HAL_GPIO_Init
 .text.HAL_GPIO_ReadPin
                0x0000000008000924       0x2e ./Drivers/STM32WLxx_HAL_Driver/Src/stm32wlxx_hal_gpio.o
                0x0000000008000924                HAL_GPIO_ReadPin
 .text.HAL_GPIO_WritePin
                0x0000000008000952       0x2e ./Drivers/STM32WLxx_HAL_Driver/Src/stm32wlxx_hal_gpio.o
                0x0000000008000952                HAL_GPIO_WritePin
 .text.HAL_GPIO_TogglePin
                0x0000000008000980       0x32 ./Drivers/STM32WLxx_HAL_Driver/Src/stm32wlxx_hal_gpio.o
                0x0000000008000980                HAL_GPIO_TogglePin
 *fill*         0x00000000080009b2        0x2 
 .text.HAL_PWR_EnableBkUpAccess
                0x00000000080009b4       0x1c ./Drivers/STM32WLxx_HAL_Driver/Src/stm32wlxx_hal_pwr.o
                0x00000000080009b4                HAL_PWR_EnableBkUpAccess
 .text.HAL_PWREx_GetVoltageRange
                0x00000000080009d0       0x18 ./Drivers/STM32WLxx_HAL_Driver/Src/stm32wlxx_hal_pwr_ex.o
                0x00000000080009d0                HAL_PWREx_GetVoltageRange
 .text.LL_PWR_IsEnabledBkUpAccess
                0x00000000080009e8       0x24 ./Drivers/STM32WLxx_HAL_Driver/Src/stm32wlxx_hal_rcc.o
 .text.LL_RCC_HSE_EnableTcxo
                0x0000000008000a0c       0x1c ./Drivers/STM32WLxx_HAL_Driver/Src/stm32wlxx_hal_rcc.o
 .text.LL_RCC_HSE_DisableTcxo
                0x0000000008000a28       0x1c ./Drivers/STM32WLxx_HAL_Driver/Src/stm32wlxx_hal_rcc.o
 .text.LL_RCC_HSE_IsEnabledDiv2
                0x0000000008000a44       0x22 ./Drivers/STM32WLxx_HAL_Driver/Src/stm32wlxx_hal_rcc.o
 .text.LL_RCC_HSE_Enable
                0x0000000008000a66       0x1c ./Drivers/STM32WLxx_HAL_Driver/Src/stm32wlxx_hal_rcc.o
 .text.LL_RCC_HSE_Disable
                0x0000000008000a82       0x1c ./Drivers/STM32WLxx_HAL_Driver/Src/stm32wlxx_hal_rcc.o
 .text.LL_RCC_HSE_IsReady
                0x0000000008000a9e       0x22 ./Drivers/STM32WLxx_HAL_Driver/Src/stm32wlxx_hal_rcc.o
 .text.LL_RCC_HSI_Enable
                0x0000000008000ac0       0x1c ./Drivers/STM32WLxx_HAL_Driver/Src/stm32wlxx_hal_rcc.o
 .text.LL_RCC_HSI_Disable
                0x0000000008000adc       0x1c ./Drivers/STM32WLxx_HAL_Driver/Src/stm32wlxx_hal_rcc.o
 .text.LL_RCC_HSI_IsReady
                0x0000000008000af8       0x22 ./Drivers/STM32WLxx_HAL_Driver/Src/stm32wlxx_hal_rcc.o
 .text.LL_RCC_HSI_SetCalibTrimming
                0x0000000008000b1a       0x28 ./Drivers/STM32WLxx_HAL_Driver/Src/stm32wlxx_hal_rcc.o
 .text.LL_RCC_LSE_IsReady
                0x0000000008000b42       0x22 ./Drivers/STM32WLxx_HAL_Driver/Src/stm32wlxx_hal_rcc.o
 .text.LL_RCC_LSI_Enable
                0x0000000008000b64       0x20 ./Drivers/STM32WLxx_HAL_Driver/Src/stm32wlxx_hal_rcc.o
 .text.LL_RCC_LSI_Disable
                0x0000000008000b84       0x20 ./Drivers/STM32WLxx_HAL_Driver/Src/stm32wlxx_hal_rcc.o
 .text.LL_RCC_LSI_IsReady
                0x0000000008000ba4       0x22 ./Drivers/STM32WLxx_HAL_Driver/Src/stm32wlxx_hal_rcc.o
 .text.LL_RCC_MSI_Enable
                0x0000000008000bc6       0x1c ./Drivers/STM32WLxx_HAL_Driver/Src/stm32wlxx_hal_rcc.o
 .text.LL_RCC_MSI_Disable
                0x0000000008000be2       0x1c ./Drivers/STM32WLxx_HAL_Driver/Src/stm32wlxx_hal_rcc.o
 .text.LL_RCC_MSI_IsReady
                0x0000000008000bfe       0x20 ./Drivers/STM32WLxx_HAL_Driver/Src/stm32wlxx_hal_rcc.o
 .text.LL_RCC_MSI_IsEnabledRangeSelect
                0x0000000008000c1e       0x20 ./Drivers/STM32WLxx_HAL_Driver/Src/stm32wlxx_hal_rcc.o
 .text.LL_RCC_MSI_GetRange
                0x0000000008000c3e       0x16 ./Drivers/STM32WLxx_HAL_Driver/Src/stm32wlxx_hal_rcc.o
 .text.LL_RCC_MSI_GetRangeAfterStandby
                0x0000000008000c54       0x18 ./Drivers/STM32WLxx_HAL_Driver/Src/stm32wlxx_hal_rcc.o
 .text.LL_RCC_MSI_SetCalibTrimming
                0x0000000008000c6c       0x28 ./Drivers/STM32WLxx_HAL_Driver/Src/stm32wlxx_hal_rcc.o
 .text.LL_RCC_SetSysClkSource
                0x0000000008000c94       0x26 ./Drivers/STM32WLxx_HAL_Driver/Src/stm32wlxx_hal_rcc.o
 .text.LL_RCC_GetSysClkSource
                0x0000000008000cba       0x16 ./Drivers/STM32WLxx_HAL_Driver/Src/stm32wlxx_hal_rcc.o
 .text.LL_RCC_SetAHBPrescaler
                0x0000000008000cd0       0x26 ./Drivers/STM32WLxx_HAL_Driver/Src/stm32wlxx_hal_rcc.o
 .text.LL_RCC_SetAHB3Prescaler
                0x0000000008000cf6       0x2c ./Drivers/STM32WLxx_HAL_Driver/Src/stm32wlxx_hal_rcc.o
 .text.LL_RCC_SetAPB1Prescaler
                0x0000000008000d22       0x26 ./Drivers/STM32WLxx_HAL_Driver/Src/stm32wlxx_hal_rcc.o
 .text.LL_RCC_SetAPB2Prescaler
                0x0000000008000d48       0x26 ./Drivers/STM32WLxx_HAL_Driver/Src/stm32wlxx_hal_rcc.o
 .text.LL_RCC_GetAHBPrescaler
                0x0000000008000d6e       0x16 ./Drivers/STM32WLxx_HAL_Driver/Src/stm32wlxx_hal_rcc.o
 .text.LL_RCC_GetAHB3Prescaler
                0x0000000008000d84       0x1a ./Drivers/STM32WLxx_HAL_Driver/Src/stm32wlxx_hal_rcc.o
 .text.LL_RCC_PLL_Enable
                0x0000000008000d9e       0x1c ./Drivers/STM32WLxx_HAL_Driver/Src/stm32wlxx_hal_rcc.o
 .text.LL_RCC_PLL_Disable
                0x0000000008000dba       0x1c ./Drivers/STM32WLxx_HAL_Driver/Src/stm32wlxx_hal_rcc.o
 .text.LL_RCC_PLL_IsReady
                0x0000000008000dd6       0x22 ./Drivers/STM32WLxx_HAL_Driver/Src/stm32wlxx_hal_rcc.o
 .text.LL_RCC_PLL_GetN
                0x0000000008000df8       0x18 ./Drivers/STM32WLxx_HAL_Driver/Src/stm32wlxx_hal_rcc.o
 .text.LL_RCC_PLL_GetR
                0x0000000008000e10       0x16 ./Drivers/STM32WLxx_HAL_Driver/Src/stm32wlxx_hal_rcc.o
 .text.LL_RCC_PLL_GetDivider
                0x0000000008000e26       0x16 ./Drivers/STM32WLxx_HAL_Driver/Src/stm32wlxx_hal_rcc.o
 .text.LL_RCC_PLL_GetMainSource
                0x0000000008000e3c       0x16 ./Drivers/STM32WLxx_HAL_Driver/Src/stm32wlxx_hal_rcc.o
 .text.LL_RCC_IsActiveFlag_HPRE
                0x0000000008000e52       0x22 ./Drivers/STM32WLxx_HAL_Driver/Src/stm32wlxx_hal_rcc.o
 .text.LL_RCC_IsActiveFlag_SHDHPRE
                0x0000000008000e74       0x24 ./Drivers/STM32WLxx_HAL_Driver/Src/stm32wlxx_hal_rcc.o
 .text.LL_RCC_IsActiveFlag_PPRE1
                0x0000000008000e98       0x22 ./Drivers/STM32WLxx_HAL_Driver/Src/stm32wlxx_hal_rcc.o
 .text.LL_RCC_IsActiveFlag_PPRE2
                0x0000000008000eba       0x22 ./Drivers/STM32WLxx_HAL_Driver/Src/stm32wlxx_hal_rcc.o
 .text.HAL_RCC_OscConfig
                0x0000000008000edc      0x734 ./Drivers/STM32WLxx_HAL_Driver/Src/stm32wlxx_hal_rcc.o
                0x0000000008000edc                HAL_RCC_OscConfig
 .text.HAL_RCC_ClockConfig
                0x0000000008001610      0x248 ./Drivers/STM32WLxx_HAL_Driver/Src/stm32wlxx_hal_rcc.o
                0x0000000008001610                HAL_RCC_ClockConfig
 .text.HAL_RCC_GetSysClockFreq
                0x0000000008001858      0x140 ./Drivers/STM32WLxx_HAL_Driver/Src/stm32wlxx_hal_rcc.o
                0x0000000008001858                HAL_RCC_GetSysClockFreq
 .text.HAL_RCC_GetHCLKFreq
                0x0000000008001998       0x28 ./Drivers/STM32WLxx_HAL_Driver/Src/stm32wlxx_hal_rcc.o
                0x0000000008001998                HAL_RCC_GetHCLKFreq
 .text.RCC_SetFlashLatencyFromMSIRange
                0x00000000080019c0       0x60 ./Drivers/STM32WLxx_HAL_Driver/Src/stm32wlxx_hal_rcc.o
 .text.RCC_SetFlashLatency
                0x0000000008001a20      0x10c ./Drivers/STM32WLxx_HAL_Driver/Src/stm32wlxx_hal_rcc.o
 .text.__libc_init_array
                0x0000000008001b2c       0x48 d:/st/stm32cubeide_1.8.0/stm32cubeide/plugins/com.st.stm32cube.ide.mcu.externaltools.gnu-tools-for-stm32.9-2020-q2-update.win32_2.0.0.202105311346/tools/bin/../lib/gcc/arm-none-eabi/9.3.1/../../../../arm-none-eabi/lib/thumb/v7e-m/nofp\libc_nano.a(lib_a-init.o)
                0x0000000008001b2c                __libc_init_array
 .text.memset   0x0000000008001b74       0x10 d:/st/stm32cubeide_1.8.0/stm32cubeide/plugins/com.st.stm32cube.ide.mcu.externaltools.gnu-tools-for-stm32.9-2020-q2-update.win32_2.0.0.202105311346/tools/bin/../lib/gcc/arm-none-eabi/9.3.1/../../../../arm-none-eabi/lib/thumb/v7e-m/nofp\libc_nano.a(lib_a-memset.o)
                0x0000000008001b74                memset
 *(.glue_7)
 .glue_7        0x0000000008001b84        0x0 linker stubs
 *(.glue_7t)
 .glue_7t       0x0000000008001b84        0x0 linker stubs
 *(.eh_frame)
 .eh_frame      0x0000000008001b84        0x0 d:/st/stm32cubeide_1.8.0/stm32cubeide/plugins/com.st.stm32cube.ide.mcu.externaltools.gnu-tools-for-stm32.9-2020-q2-update.win32_2.0.0.202105311346/tools/bin/../lib/gcc/arm-none-eabi/9.3.1/thumb/v7e-m/nofp/crtbegin.o
 *(.init)
 .init          0x0000000008001b84        0x4 d:/st/stm32cubeide_1.8.0/stm32cubeide/plugins/com.st.stm32cube.ide.mcu.externaltools.gnu-tools-for-stm32.9-2020-q2-update.win32_2.0.0.202105311346/tools/bin/../lib/gcc/arm-none-eabi/9.3.1/thumb/v7e-m/nofp/crti.o
                0x0000000008001b84                _init
 .init          0x0000000008001b88        0x8 d:/st/stm32cubeide_1.8.0/stm32cubeide/plugins/com.st.stm32cube.ide.mcu.externaltools.gnu-tools-for-stm32.9-2020-q2-update.win32_2.0.0.202105311346/tools/bin/../lib/gcc/arm-none-eabi/9.3.1/thumb/v7e-m/nofp/crtn.o
 *(.fini)
 .fini          0x0000000008001b90        0x4 d:/st/stm32cubeide_1.8.0/stm32cubeide/plugins/com.st.stm32cube.ide.mcu.externaltools.gnu-tools-for-stm32.9-2020-q2-update.win32_2.0.0.202105311346/tools/bin/../lib/gcc/arm-none-eabi/9.3.1/thumb/v7e-m/nofp/crti.o
                0x0000000008001b90                _fini
 .fini          0x0000000008001b94        0x8 d:/st/stm32cubeide_1.8.0/stm32cubeide/plugins/com.st.stm32cube.ide.mcu.externaltools.gnu-tools-for-stm32.9-2020-q2-update.win32_2.0.0.202105311346/tools/bin/../lib/gcc/arm-none-eabi/9.3.1/thumb/v7e-m/nofp/crtn.o
                0x0000000008001b9c                . = ALIGN (0x4)
                0x0000000008001b9c                _etext = .

.vfp11_veneer   0x0000000008001b9c        0x0
 .vfp11_veneer  0x0000000008001b9c        0x0 linker stubs

.v4_bx          0x0000000008001b9c        0x0
 .v4_bx         0x0000000008001b9c        0x0 linker stubs

.iplt           0x0000000008001b9c        0x0
 .iplt          0x0000000008001b9c        0x0 d:/st/stm32cubeide_1.8.0/stm32cubeide/plugins/com.st.stm32cube.ide.mcu.externaltools.gnu-tools-for-stm32.9-2020-q2-update.win32_2.0.0.202105311346/tools/bin/../lib/gcc/arm-none-eabi/9.3.1/thumb/v7e-m/nofp/crtbegin.o

.rodata         0x0000000008001b9c       0x9c
                0x0000000008001b9c                . = ALIGN (0x4)
 *(.rodata)
 .rodata        0x0000000008001b9c       0x1c ./Drivers/STM32WLxx_HAL_Driver/Src/stm32wlxx_hal_rcc.o
 *(.rodata*)
 .rodata.AHBPrescTable
                0x0000000008001bb8       0x40 ./Core/Src/system_stm32wlxx.o
                0x0000000008001bb8                AHBPrescTable
 .rodata.MSIRangeTable
                0x0000000008001bf8       0x40 ./Core/Src/system_stm32wlxx.o
                0x0000000008001bf8                MSIRangeTable
                0x0000000008001c38                . = ALIGN (0x4)

.rel.dyn        0x0000000008001c38        0x0
 .rel.iplt      0x0000000008001c38        0x0 d:/st/stm32cubeide_1.8.0/stm32cubeide/plugins/com.st.stm32cube.ide.mcu.externaltools.gnu-tools-for-stm32.9-2020-q2-update.win32_2.0.0.202105311346/tools/bin/../lib/gcc/arm-none-eabi/9.3.1/thumb/v7e-m/nofp/crtbegin.o

.ARM.extab      0x0000000008001c38        0x0
                0x0000000008001c38                . = ALIGN (0x4)
 *(.ARM.extab* .gnu.linkonce.armextab.*)
                0x0000000008001c38                . = ALIGN (0x4)

.ARM            0x0000000008001c38        0x0
                0x0000000008001c38                . = ALIGN (0x4)
                0x0000000008001c38                __exidx_start = .
 *(.ARM.exidx*)
                0x0000000008001c38                __exidx_end = .
                0x0000000008001c38                . = ALIGN (0x4)

.preinit_array  0x0000000008001c38        0x0
                0x0000000008001c38                . = ALIGN (0x4)
                0x0000000008001c38                PROVIDE (__preinit_array_start = .)
 *(.preinit_array*)
                0x0000000008001c38                PROVIDE (__preinit_array_end = .)
                0x0000000008001c38                . = ALIGN (0x4)

.init_array     0x0000000008001c38        0x4
                0x0000000008001c38                . = ALIGN (0x4)
                0x0000000008001c38                PROVIDE (__init_array_start = .)
 *(SORT_BY_NAME(.init_array.*))
 *(.init_array*)
 .init_array    0x0000000008001c38        0x4 d:/st/stm32cubeide_1.8.0/stm32cubeide/plugins/com.st.stm32cube.ide.mcu.externaltools.gnu-tools-for-stm32.9-2020-q2-update.win32_2.0.0.202105311346/tools/bin/../lib/gcc/arm-none-eabi/9.3.1/thumb/v7e-m/nofp/crtbegin.o
                0x0000000008001c3c                PROVIDE (__init_array_end = .)
                0x0000000008001c3c                . = ALIGN (0x4)

.fini_array     0x0000000008001c3c        0x4
                0x0000000008001c3c                . = ALIGN (0x4)
                [!provide]                        PROVIDE (__fini_array_start = .)
 *(SORT_BY_NAME(.fini_array.*))
 *(.fini_array*)
 .fini_array    0x0000000008001c3c        0x4 d:/st/stm32cubeide_1.8.0/stm32cubeide/plugins/com.st.stm32cube.ide.mcu.externaltools.gnu-tools-for-stm32.9-2020-q2-update.win32_2.0.0.202105311346/tools/bin/../lib/gcc/arm-none-eabi/9.3.1/thumb/v7e-m/nofp/crtbegin.o
                [!provide]                        PROVIDE (__fini_array_end = .)
                0x0000000008001c40                . = ALIGN (0x4)
                0x0000000008001c40                _sidata = LOADADDR (.data)

.data           0x0000000020000000        0xc load address 0x0000000008001c40
                0x0000000020000000                . = ALIGN (0x4)
                0x0000000020000000                _sdata = .
 *(.data)
 *(.data*)
 .data.SystemCoreClock
                0x0000000020000000        0x4 ./Core/Src/system_stm32wlxx.o
                0x0000000020000000                SystemCoreClock
 .data.uwTickPrio
                0x0000000020000004        0x4 ./Drivers/STM32WLxx_HAL_Driver/Src/stm32wlxx_hal.o
                0x0000000020000004                uwTickPrio
 .data.uwTickFreq
                0x0000000020000008        0x1 ./Drivers/STM32WLxx_HAL_Driver/Src/stm32wlxx_hal.o
                0x0000000020000008                uwTickFreq
 *(.RamFunc)
 *(.RamFunc*)
                0x000000002000000c                . = ALIGN (0x4)
 *fill*         0x0000000020000009        0x3 
                0x000000002000000c                _edata = .

.igot.plt       0x000000002000000c        0x0 load address 0x0000000008001c4c
 .igot.plt      0x000000002000000c        0x0 d:/st/stm32cubeide_1.8.0/stm32cubeide/plugins/com.st.stm32cube.ide.mcu.externaltools.gnu-tools-for-stm32.9-2020-q2-update.win32_2.0.0.202105311346/tools/bin/../lib/gcc/arm-none-eabi/9.3.1/thumb/v7e-m/nofp/crtbegin.o
                0x000000002000000c                . = ALIGN (0x4)

.bss            0x000000002000000c       0x20 load address 0x0000000008001c4c
                0x000000002000000c                _sbss = .
                0x000000002000000c                __bss_start__ = _sbss
 *(.bss)
 .bss           0x000000002000000c       0x1c d:/st/stm32cubeide_1.8.0/stm32cubeide/plugins/com.st.stm32cube.ide.mcu.externaltools.gnu-tools-for-stm32.9-2020-q2-update.win32_2.0.0.202105311346/tools/bin/../lib/gcc/arm-none-eabi/9.3.1/thumb/v7e-m/nofp/crtbegin.o
 *(.bss*)
 *(COMMON)
 COMMON         0x0000000020000028        0x4 ./Drivers/STM32WLxx_HAL_Driver/Src/stm32wlxx_hal.o
                0x0000000020000028                uwTick
                0x000000002000002c                . = ALIGN (0x4)
                0x000000002000002c                _ebss = .
                0x000000002000002c                __bss_end__ = _ebss

._user_heap_stack
                0x000000002000002c      0x604 load address 0x0000000008001c4c
                0x0000000020000030                . = ALIGN (0x8)
 *fill*         0x000000002000002c        0x4 
                [!provide]                        PROVIDE (end = .)
                0x0000000020000030                PROVIDE (_end = .)
                0x0000000020000230                . = (. + _Min_Heap_Size)
 *fill*         0x0000000020000030      0x200 
                0x0000000020000630                . = (. + _Min_Stack_Size)
 *fill*         0x0000000020000230      0x400 
                0x0000000020000630                . = ALIGN (0x8)

/DISCARD/
 libc.a(*)
 libm.a(*)
 libgcc.a(*)

.ARM.attributes
                0x0000000000000000       0x2a
 *(.ARM.attributes)
 .ARM.attributes
                0x0000000000000000       0x1e d:/st/stm32cubeide_1.8.0/stm32cubeide/plugins/com.st.stm32cube.ide.mcu.externaltools.gnu-tools-for-stm32.9-2020-q2-update.win32_2.0.0.202105311346/tools/bin/../lib/gcc/arm-none-eabi/9.3.1/thumb/v7e-m/nofp/crti.o
 .ARM.attributes
                0x000000000000001e       0x2e d:/st/stm32cubeide_1.8.0/stm32cubeide/plugins/com.st.stm32cube.ide.mcu.externaltools.gnu-tools-for-stm32.9-2020-q2-update.win32_2.0.0.202105311346/tools/bin/../lib/gcc/arm-none-eabi/9.3.1/thumb/v7e-m/nofp/crtbegin.o
 .ARM.attributes
                0x000000000000004c       0x2e ./Core/Src/gpio.o
 .ARM.attributes
                0x000000000000007a       0x2e ./Core/Src/main.o
 .ARM.attributes
                0x00000000000000a8       0x2e ./Core/Src/stm32wlxx_hal_msp.o
 .ARM.attributes
                0x00000000000000d6       0x2e ./Core/Src/stm32wlxx_it.o
 .ARM.attributes
                0x0000000000000104       0x2e ./Core/Src/system_stm32wlxx.o
 .ARM.attributes
                0x0000000000000132       0x21 ./Core/Startup/startup_stm32wle5ccux.o
 .ARM.attributes
                0x0000000000000153       0x2e ./Drivers/STM32WLxx_HAL_Driver/Src/stm32wlxx_hal.o
 .ARM.attributes
                0x0000000000000181       0x2e ./Drivers/STM32WLxx_HAL_Driver/Src/stm32wlxx_hal_cortex.o
 .ARM.attributes
                0x00000000000001af       0x2e ./Drivers/STM32WLxx_HAL_Driver/Src/stm32wlxx_hal_gpio.o
 .ARM.attributes
                0x00000000000001dd       0x2e ./Drivers/STM32WLxx_HAL_Driver/Src/stm32wlxx_hal_pwr.o
 .ARM.attributes
                0x000000000000020b       0x2e ./Drivers/STM32WLxx_HAL_Driver/Src/stm32wlxx_hal_pwr_ex.o
 .ARM.attributes
                0x0000000000000239       0x2e ./Drivers/STM32WLxx_HAL_Driver/Src/stm32wlxx_hal_rcc.o
 .ARM.attributes
                0x0000000000000267       0x2e d:/st/stm32cubeide_1.8.0/stm32cubeide/plugins/com.st.stm32cube.ide.mcu.externaltools.gnu-tools-for-stm32.9-2020-q2-update.win32_2.0.0.202105311346/tools/bin/../lib/gcc/arm-none-eabi/9.3.1/../../../../arm-none-eabi/lib/thumb/v7e-m/nofp\libc_nano.a(lib_a-init.o)
 .ARM.attributes
                0x0000000000000295       0x2e d:/st/stm32cubeide_1.8.0/stm32cubeide/plugins/com.st.stm32cube.ide.mcu.externaltools.gnu-tools-for-stm32.9-2020-q2-update.win32_2.0.0.202105311346/tools/bin/../lib/gcc/arm-none-eabi/9.3.1/../../../../arm-none-eabi/lib/thumb/v7e-m/nofp\libc_nano.a(lib_a-memset.o)
 .ARM.attributes
                0x00000000000002c3       0x1e d:/st/stm32cubeide_1.8.0/stm32cubeide/plugins/com.st.stm32cube.ide.mcu.externaltools.gnu-tools-for-stm32.9-2020-q2-update.win32_2.0.0.202105311346/tools/bin/../lib/gcc/arm-none-eabi/9.3.1/thumb/v7e-m/nofp/crtn.o
OUTPUT(WLEtest.elf elf32-littlearm)
LOAD linker stubs
LOAD d:/st/stm32cubeide_1.8.0/stm32cubeide/plugins/com.st.stm32cube.ide.mcu.externaltools.gnu-tools-for-stm32.9-2020-q2-update.win32_2.0.0.202105311346/tools/bin/../lib/gcc/arm-none-eabi/9.3.1/../../../../arm-none-eabi/lib/thumb/v7e-m/nofp\libc.a
LOAD d:/st/stm32cubeide_1.8.0/stm32cubeide/plugins/com.st.stm32cube.ide.mcu.externaltools.gnu-tools-for-stm32.9-2020-q2-update.win32_2.0.0.202105311346/tools/bin/../lib/gcc/arm-none-eabi/9.3.1/../../../../arm-none-eabi/lib/thumb/v7e-m/nofp\libm.a
LOAD d:/st/stm32cubeide_1.8.0/stm32cubeide/plugins/com.st.stm32cube.ide.mcu.externaltools.gnu-tools-for-stm32.9-2020-q2-update.win32_2.0.0.202105311346/tools/bin/../lib/gcc/arm-none-eabi/9.3.1/thumb/v7e-m/nofp\libgcc.a

.debug_info     0x0000000000000000     0x6aa6
 .debug_info    0x0000000000000000      0x649 ./Core/Src/gpio.o
 .debug_info    0x0000000000000649      0x709 ./Core/Src/main.o
 .debug_info    0x0000000000000d52      0x265 ./Core/Src/stm32wlxx_hal_msp.o
 .debug_info    0x0000000000000fb7      0x2f5 ./Core/Src/stm32wlxx_it.o
 .debug_info    0x00000000000012ac      0x56e ./Core/Src/system_stm32wlxx.o
 .debug_info    0x000000000000181a       0x22 ./Core/Startup/startup_stm32wle5ccux.o
 .debug_info    0x000000000000183c      0xfc9 ./Drivers/STM32WLxx_HAL_Driver/Src/stm32wlxx_hal.o
 .debug_info    0x0000000000002805      0xf14 ./Drivers/STM32WLxx_HAL_Driver/Src/stm32wlxx_hal_cortex.o
 .debug_info    0x0000000000003719      0x7fb ./Drivers/STM32WLxx_HAL_Driver/Src/stm32wlxx_hal_gpio.o
 .debug_info    0x0000000000003f14      0x9c0 ./Drivers/STM32WLxx_HAL_Driver/Src/stm32wlxx_hal_pwr.o
 .debug_info    0x00000000000048d4      0xe8c ./Drivers/STM32WLxx_HAL_Driver/Src/stm32wlxx_hal_pwr_ex.o
 .debug_info    0x0000000000005760     0x1346 ./Drivers/STM32WLxx_HAL_Driver/Src/stm32wlxx_hal_rcc.o

.debug_abbrev   0x0000000000000000     0x15f8
 .debug_abbrev  0x0000000000000000      0x196 ./Core/Src/gpio.o
 .debug_abbrev  0x0000000000000196      0x1a1 ./Core/Src/main.o
 .debug_abbrev  0x0000000000000337       0xe9 ./Core/Src/stm32wlxx_hal_msp.o
 .debug_abbrev  0x0000000000000420      0x103 ./Core/Src/stm32wlxx_it.o
 .debug_abbrev  0x0000000000000523      0x187 ./Core/Src/system_stm32wlxx.o
 .debug_abbrev  0x00000000000006aa       0x12 ./Core/Startup/startup_stm32wle5ccux.o
 .debug_abbrev  0x00000000000006bc      0x2e3 ./Drivers/STM32WLxx_HAL_Driver/Src/stm32wlxx_hal.o
 .debug_abbrev  0x000000000000099f      0x2fb ./Drivers/STM32WLxx_HAL_Driver/Src/stm32wlxx_hal_cortex.o
 .debug_abbrev  0x0000000000000c9a      0x1ff ./Drivers/STM32WLxx_HAL_Driver/Src/stm32wlxx_hal_gpio.o
 .debug_abbrev  0x0000000000000e99      0x1e5 ./Drivers/STM32WLxx_HAL_Driver/Src/stm32wlxx_hal_pwr.o
 .debug_abbrev  0x000000000000107e      0x2cd ./Drivers/STM32WLxx_HAL_Driver/Src/stm32wlxx_hal_pwr_ex.o
 .debug_abbrev  0x000000000000134b      0x2ad ./Drivers/STM32WLxx_HAL_Driver/Src/stm32wlxx_hal_rcc.o

.debug_aranges  0x0000000000000000      0x978
 .debug_aranges
                0x0000000000000000       0x28 ./Core/Src/gpio.o
 .debug_aranges
                0x0000000000000028       0x30 ./Core/Src/main.o
 .debug_aranges
                0x0000000000000058       0x20 ./Core/Src/stm32wlxx_hal_msp.o
 .debug_aranges
                0x0000000000000078       0x60 ./Core/Src/stm32wlxx_it.o
 .debug_aranges
                0x00000000000000d8       0x28 ./Core/Src/system_stm32wlxx.o
 .debug_aranges
                0x0000000000000100       0x28 ./Core/Startup/startup_stm32wle5ccux.o
 .debug_aranges
                0x0000000000000128      0x210 ./Drivers/STM32WLxx_HAL_Driver/Src/stm32wlxx_hal.o
 .debug_aranges
                0x0000000000000338      0x118 ./Drivers/STM32WLxx_HAL_Driver/Src/stm32wlxx_hal_cortex.o
 .debug_aranges
                0x0000000000000450       0x58 ./Drivers/STM32WLxx_HAL_Driver/Src/stm32wlxx_hal_gpio.o
 .debug_aranges
                0x00000000000004a8       0xc8 ./Drivers/STM32WLxx_HAL_Driver/Src/stm32wlxx_hal_pwr.o
 .debug_aranges
                0x0000000000000570      0x1d0 ./Drivers/STM32WLxx_HAL_Driver/Src/stm32wlxx_hal_pwr_ex.o
 .debug_aranges
                0x0000000000000740      0x238 ./Drivers/STM32WLxx_HAL_Driver/Src/stm32wlxx_hal_rcc.o

.debug_ranges   0x0000000000000000      0x8c0
 .debug_ranges  0x0000000000000000       0x18 ./Core/Src/gpio.o
 .debug_ranges  0x0000000000000018       0x20 ./Core/Src/main.o
 .debug_ranges  0x0000000000000038       0x10 ./Core/Src/stm32wlxx_hal_msp.o
 .debug_ranges  0x0000000000000048       0x50 ./Core/Src/stm32wlxx_it.o
 .debug_ranges  0x0000000000000098       0x18 ./Core/Src/system_stm32wlxx.o
 .debug_ranges  0x00000000000000b0       0x20 ./Core/Startup/startup_stm32wle5ccux.o
 .debug_ranges  0x00000000000000d0      0x200 ./Drivers/STM32WLxx_HAL_Driver/Src/stm32wlxx_hal.o
 .debug_ranges  0x00000000000002d0      0x108 ./Drivers/STM32WLxx_HAL_Driver/Src/stm32wlxx_hal_cortex.o
 .debug_ranges  0x00000000000003d8       0x48 ./Drivers/STM32WLxx_HAL_Driver/Src/stm32wlxx_hal_gpio.o
 .debug_ranges  0x0000000000000420       0xb8 ./Drivers/STM32WLxx_HAL_Driver/Src/stm32wlxx_hal_pwr.o
 .debug_ranges  0x00000000000004d8      0x1c0 ./Drivers/STM32WLxx_HAL_Driver/Src/stm32wlxx_hal_pwr_ex.o
 .debug_ranges  0x0000000000000698      0x228 ./Drivers/STM32WLxx_HAL_Driver/Src/stm32wlxx_hal_rcc.o

.debug_macro    0x0000000000000000    0x17993
 .debug_macro   0x0000000000000000      0x20a ./Core/Src/gpio.o
 .debug_macro   0x000000000000020a      0xaa2 ./Core/Src/gpio.o
 .debug_macro   0x0000000000000cac      0x118 ./Core/Src/gpio.o
 .debug_macro   0x0000000000000dc4       0x2e ./Core/Src/gpio.o
 .debug_macro   0x0000000000000df2       0x34 ./Core/Src/gpio.o
 .debug_macro   0x0000000000000e26       0x22 ./Core/Src/gpio.o
 .debug_macro   0x0000000000000e48       0x8e ./Core/Src/gpio.o
 .debug_macro   0x0000000000000ed6       0x51 ./Core/Src/gpio.o
 .debug_macro   0x0000000000000f27      0x103 ./Core/Src/gpio.o
 .debug_macro   0x000000000000102a       0x6a ./Core/Src/gpio.o
 .debug_macro   0x0000000000001094      0x1df ./Core/Src/gpio.o
 .debug_macro   0x0000000000001273       0x1c ./Core/Src/gpio.o
 .debug_macro   0x000000000000128f       0x22 ./Core/Src/gpio.o
 .debug_macro   0x00000000000012b1      0x101 ./Core/Src/gpio.o
 .debug_macro   0x00000000000013b2     0x1011 ./Core/Src/gpio.o
 .debug_macro   0x00000000000023c3      0x11f ./Core/Src/gpio.o
 .debug_macro   0x00000000000024e2     0xcc1c ./Core/Src/gpio.o
 .debug_macro   0x000000000000f0fe       0x6d ./Core/Src/gpio.o
 .debug_macro   0x000000000000f16b     0x33f7 ./Core/Src/gpio.o
 .debug_macro   0x0000000000012562      0x174 ./Core/Src/gpio.o
 .debug_macro   0x00000000000126d6       0x5c ./Core/Src/gpio.o
 .debug_macro   0x0000000000012732      0x417 ./Core/Src/gpio.o
 .debug_macro   0x0000000000012b49      0x280 ./Core/Src/gpio.o
 .debug_macro   0x0000000000012dc9      0x330 ./Core/Src/gpio.o
 .debug_macro   0x00000000000130f9      0x197 ./Core/Src/gpio.o
 .debug_macro   0x0000000000013290       0x43 ./Core/Src/gpio.o
 .debug_macro   0x00000000000132d3      0x23d ./Core/Src/gpio.o
 .debug_macro   0x0000000000013510      0x22b ./Core/Src/gpio.o
 .debug_macro   0x000000000001373b      0x352 ./Core/Src/gpio.o
 .debug_macro   0x0000000000013a8d       0x2e ./Core/Src/gpio.o
 .debug_macro   0x0000000000013abb       0xc1 ./Core/Src/gpio.o
 .debug_macro   0x0000000000013b7c      0x1b4 ./Core/Src/gpio.o
 .debug_macro   0x0000000000013d30       0xe7 ./Core/Src/gpio.o
 .debug_macro   0x0000000000013e17      0x25f ./Core/Src/gpio.o
 .debug_macro   0x0000000000014076      0x133 ./Core/Src/gpio.o
 .debug_macro   0x00000000000141a9      0x33f ./Core/Src/gpio.o
 .debug_macro   0x00000000000144e8      0x67c ./Core/Src/gpio.o
 .debug_macro   0x0000000000014b64      0x113 ./Core/Src/gpio.o
 .debug_macro   0x0000000000014c77      0xf67 ./Core/Src/gpio.o
 .debug_macro   0x0000000000015bde      0x115 ./Core/Src/gpio.o
 .debug_macro   0x0000000000015cf3      0x2db ./Core/Src/gpio.o
 .debug_macro   0x0000000000015fce      0x269 ./Core/Src/gpio.o
 .debug_macro   0x0000000000016237      0x27d ./Core/Src/gpio.o
 .debug_macro   0x00000000000164b4       0x4c ./Core/Src/gpio.o
 .debug_macro   0x0000000000016500      0x20e ./Core/Src/main.o
 .debug_macro   0x000000000001670e      0x200 ./Core/Src/stm32wlxx_hal_msp.o
 .debug_macro   0x000000000001690e      0x20a ./Core/Src/stm32wlxx_it.o
 .debug_macro   0x0000000000016b18      0x1f1 ./Core/Src/system_stm32wlxx.o
 .debug_macro   0x0000000000016d09      0x215 ./Drivers/STM32WLxx_HAL_Driver/Src/stm32wlxx_hal.o
 .debug_macro   0x0000000000016f1e      0x1f1 ./Drivers/STM32WLxx_HAL_Driver/Src/stm32wlxx_hal_cortex.o
 .debug_macro   0x000000000001710f      0x1f7 ./Drivers/STM32WLxx_HAL_Driver/Src/stm32wlxx_hal_gpio.o
 .debug_macro   0x0000000000017306      0x23f ./Drivers/STM32WLxx_HAL_Driver/Src/stm32wlxx_hal_pwr.o
 .debug_macro   0x0000000000017545      0x203 ./Drivers/STM32WLxx_HAL_Driver/Src/stm32wlxx_hal_pwr_ex.o
 .debug_macro   0x0000000000017748      0x24b ./Drivers/STM32WLxx_HAL_Driver/Src/stm32wlxx_hal_rcc.o

.debug_line     0x0000000000000000     0x793d
 .debug_line    0x0000000000000000      0x737 ./Core/Src/gpio.o
 .debug_line    0x0000000000000737      0x786 ./Core/Src/main.o
 .debug_line    0x0000000000000ebd      0x6f9 ./Core/Src/stm32wlxx_hal_msp.o
 .debug_line    0x00000000000015b6      0x7c0 ./Core/Src/stm32wlxx_it.o
 .debug_line    0x0000000000001d76      0x78f ./Core/Src/system_stm32wlxx.o
 .debug_line    0x0000000000002505       0x89 ./Core/Startup/startup_stm32wle5ccux.o
 .debug_line    0x000000000000258e      0xdf6 ./Drivers/STM32WLxx_HAL_Driver/Src/stm32wlxx_hal.o
 .debug_line    0x0000000000003384      0xc91 ./Drivers/STM32WLxx_HAL_Driver/Src/stm32wlxx_hal_cortex.o
 .debug_line    0x0000000000004015      0xae0 ./Drivers/STM32WLxx_HAL_Driver/Src/stm32wlxx_hal_gpio.o
 .debug_line    0x0000000000004af5      0x98a ./Drivers/STM32WLxx_HAL_Driver/Src/stm32wlxx_hal_pwr.o
 .debug_line    0x000000000000547f      0xdc4 ./Drivers/STM32WLxx_HAL_Driver/Src/stm32wlxx_hal_pwr_ex.o
 .debug_line    0x0000000000006243     0x16fa ./Drivers/STM32WLxx_HAL_Driver/Src/stm32wlxx_hal_rcc.o

.debug_str      0x0000000000000000    0x92d0d
 .debug_str     0x0000000000000000    0x9049d ./Core/Src/gpio.o
                                      0x90a1b (size before relaxing)
 .debug_str     0x000000000009049d      0x21c ./Core/Src/main.o
                                      0x90a8a (size before relaxing)
 .debug_str     0x00000000000906b9       0x2c ./Core/Src/stm32wlxx_hal_msp.o
                                      0x90802 (size before relaxing)
 .debug_str     0x00000000000906e5       0xbd ./Core/Src/stm32wlxx_it.o
                                      0x90893 (size before relaxing)
 .debug_str     0x00000000000907a2       0x64 ./Core/Src/system_stm32wlxx.o
                                      0x907a3 (size before relaxing)
 .debug_str     0x0000000000090806       0x36 ./Core/Startup/startup_stm32wle5ccux.o
                                         0x64 (size before relaxing)
 .debug_str     0x000000000009083c      0xb2e ./Drivers/STM32WLxx_HAL_Driver/Src/stm32wlxx_hal.o
                                      0x9139b (size before relaxing)
 .debug_str     0x000000000009136a      0x3ee ./Drivers/STM32WLxx_HAL_Driver/Src/stm32wlxx_hal_cortex.o
                                      0x90f3b (size before relaxing)
 .debug_str     0x0000000000091758      0x161 ./Drivers/STM32WLxx_HAL_Driver/Src/stm32wlxx_hal_gpio.o
                                      0x90894 (size before relaxing)
 .debug_str     0x00000000000918b9      0x461 ./Drivers/STM32WLxx_HAL_Driver/Src/stm32wlxx_hal_pwr.o
                                      0x90bc1 (size before relaxing)
 .debug_str     0x0000000000091d1a      0x6a8 ./Drivers/STM32WLxx_HAL_Driver/Src/stm32wlxx_hal_pwr_ex.o
                                      0x90f5d (size before relaxing)
 .debug_str     0x00000000000923c2      0x94b ./Drivers/STM32WLxx_HAL_Driver/Src/stm32wlxx_hal_rcc.o
                                      0x91375 (size before relaxing)

.comment        0x0000000000000000       0x53
 .comment       0x0000000000000000       0x53 ./Core/Src/gpio.o
                                         0x54 (size before relaxing)
 .comment       0x0000000000000053       0x54 ./Core/Src/main.o
 .comment       0x0000000000000053       0x54 ./Core/Src/stm32wlxx_hal_msp.o
 .comment       0x0000000000000053       0x54 ./Core/Src/stm32wlxx_it.o
 .comment       0x0000000000000053       0x54 ./Core/Src/system_stm32wlxx.o
 .comment       0x0000000000000053       0x54 ./Drivers/STM32WLxx_HAL_Driver/Src/stm32wlxx_hal.o
 .comment       0x0000000000000053       0x54 ./Drivers/STM32WLxx_HAL_Driver/Src/stm32wlxx_hal_cortex.o
 .comment       0x0000000000000053       0x54 ./Drivers/STM32WLxx_HAL_Driver/Src/stm32wlxx_hal_gpio.o
 .comment       0x0000000000000053       0x54 ./Drivers/STM32WLxx_HAL_Driver/Src/stm32wlxx_hal_pwr.o
 .comment       0x0000000000000053       0x54 ./Drivers/STM32WLxx_HAL_Driver/Src/stm32wlxx_hal_pwr_ex.o
 .comment       0x0000000000000053       0x54 ./Drivers/STM32WLxx_HAL_Driver/Src/stm32wlxx_hal_rcc.o

.debug_frame    0x0000000000000000     0x24dc
 .debug_frame   0x0000000000000000       0x5c ./Core/Src/gpio.o
 .debug_frame   0x000000000000005c       0x68 ./Core/Src/main.o
 .debug_frame   0x00000000000000c4       0x30 ./Core/Src/stm32wlxx_hal_msp.o
 .debug_frame   0x00000000000000f4      0x104 ./Core/Src/stm32wlxx_it.o
 .debug_frame   0x00000000000001f8       0x58 ./Core/Src/system_stm32wlxx.o
 .debug_frame   0x0000000000000250      0x860 ./Drivers/STM32WLxx_HAL_Driver/Src/stm32wlxx_hal.o
 .debug_frame   0x0000000000000ab0      0x498 ./Drivers/STM32WLxx_HAL_Driver/Src/stm32wlxx_hal_cortex.o
 .debug_frame   0x0000000000000f48      0x14c ./Drivers/STM32WLxx_HAL_Driver/Src/stm32wlxx_hal_gpio.o
 .debug_frame   0x0000000000001094      0x31c ./Drivers/STM32WLxx_HAL_Driver/Src/stm32wlxx_hal_pwr.o
 .debug_frame   0x00000000000013b0      0x7cc ./Drivers/STM32WLxx_HAL_Driver/Src/stm32wlxx_hal_pwr_ex.o
 .debug_frame   0x0000000000001b7c      0x914 ./Drivers/STM32WLxx_HAL_Driver/Src/stm32wlxx_hal_rcc.o
 .debug_frame   0x0000000000002490       0x2c d:/st/stm32cubeide_1.8.0/stm32cubeide/plugins/com.st.stm32cube.ide.mcu.externaltools.gnu-tools-for-stm32.9-2020-q2-update.win32_2.0.0.202105311346/tools/bin/../lib/gcc/arm-none-eabi/9.3.1/../../../../arm-none-eabi/lib/thumb/v7e-m/nofp\libc_nano.a(lib_a-init.o)
 .debug_frame   0x00000000000024bc       0x20 d:/st/stm32cubeide_1.8.0/stm32cubeide/plugins/com.st.stm32cube.ide.mcu.externaltools.gnu-tools-for-stm32.9-2020-q2-update.win32_2.0.0.202105311346/tools/bin/../lib/gcc/arm-none-eabi/9.3.1/../../../../arm-none-eabi/lib/thumb/v7e-m/nofp\libc_nano.a(lib_a-memset.o)
